python : test_default_config_has_required_keys (__main__.TestDaemonCLIInit.test_default_config_has_required_keys)
At line:1 char:44
+ ... ote-agent"; python tests\test_daemon_cli.py > test_output.txt 2>&1; G ...
+                 ~~~~~~~~~~~~~~~~~~~~~~~~~~~~~~~~~~~~~~~~~~~~~~~~~~~~~~
    + CategoryInfo          : NotSpecified: (test_default_co..._required_keys):String) [], RemoteException
    + FullyQualifiedErrorId : NativeCommandError
 
Test that default config contains all required keys. ... ok
test_init_with_missing_config_uses_defaults (__main__.TestDaemonCLIInit.test_init_with_missing_config_uses_defaults)
Test that missing config file triggers default config. ... ok
test_init_with_valid_config (__main__.TestDaemonCLIInit.test_init_with_valid_config)
Test initialization with valid config file. ... ok
test_is_daemon_running_returns_false_when_no_pid_file (__main__.TestDaemonProcessManagement.test_is_daemon_running_returns_false_when_no_pid_file)
Test daemon status check when PID file doesn't exist. ... ok
test_is_daemon_running_returns_false_when_process_dead (__main__.TestDaemonProcessManagement.test_is_daemon_running_returns_false_when_process_dead)
Test daemon status check when process doesn't exist. ... ok
test_read_pid_returns_none_when_file_missing (__main__.TestDaemonProcessManagement.test_read_pid_returns_none_when_file_missing)
Test reading PID when file doesn't exist. ... ok
test_write_and_read_pid (__main__.TestDaemonProcessManagement.test_write_and_read_pid)
Test writing and reading PID file. ... ok
test_start_command_fails_when_agent_start_fails (__main__.TestStartCommand.test_start_command_fails_when_agent_start_fails)
Test start command when Agent fails to start. ... ok
test_start_command_fails_when_already_running (__main__.TestStartCommand.test_start_command_fails_when_already_running)
Test start command when daemon already running. ... ok
test_start_command_success (__main__.TestStartCommand.test_start_command_success)
Test successful daemon start. ... ok
test_stop_command_graceful (__main__.TestStopCommand.test_stop_command_graceful)
Test graceful stop. ... ok
test_stop_command_when_not_running (__main__.TestStopCommand.test_stop_command_when_not_running)
Test stop command when daemon not running. ... ok
test_status_verbose_shows_generation_info (__main__.TestStatusCommand.test_status_verbose_shows_generation_info)
Test verbose status shows generation information. ... ok
test_status_when_running (__main__.TestStatusCommand.test_status_when_running)
Test status display when daemon running. ... ok
test_status_when_stopped (__main__.TestStatusCommand.test_status_when_stopped)
Test status display when daemon stopped. ... ok
test_rollback_fails_when_daemon_running (__main__.TestRollbackCommand.test_rollback_fails_when_daemon_running)
Test rollback when daemon is running. ... ok
test_rollback_success (__main__.TestRollbackCommand.test_rollback_success)
Test successful rollback. ... ok
test_branch_creation_success (__main__.TestBranchCommand.test_branch_creation_success)
Test successful branch creation. ... ok
test_diff_shows_capability_changes (__main__.TestDiffCommand.test_diff_shows_capability_changes)
Test diff displays capability changes. ... ok
test_logs_tail_default (__main__.TestLogsCommand.test_logs_tail_default)
Test logs with default tail. ... ok
test_history_graph_format (__main__.TestHistoryCommand.test_history_graph_format)
Test history as graph. ... ok
test_history_simple_list (__main__.TestHistoryCommand.test_history_simple_list)
Test history as simple list. ... ok
test_skill_tree_summary (__main__.TestSkillTreeCommand.test_skill_tree_summary)
Test skill tree summary format. ... ok

----------------------------------------------------------------------
Ran 23 tests in 0.084s

OK
⚠️  Configuration file not found: nonexistent.json
Using default configuration...

============================================================
Total tests: 23
Success: 23
Failures: 0
Errors: 0
============================================================
